// Jest Snapshot v1, https://jestjs.io/docs/snapshot-testing

exports[`getFullVersions returns all full versions 1`] = `
[
  {
    "createdOn": "2026-08-06",
    "format": "CSV",
    "id": "6870746",
    "productName": "EPBR - AddressBase Plus (FULL)",
    "productVersion": "AddressBase Plus 03.07.2026",
    "reason": "UPDATE",
    "supplyType": "Full",
    "url": "https://api.os.uk/downloads/v1/dataPackages/0040146690/versions/6870746?key=apikey1234",
  },
  {
    "createdOn": "2026-08-06",
    "format": "CSV",
    "id": "6870730",
    "productName": "EPBR - AddressBase Plus Islands (FULL)",
    "productVersion": "AddressBase Plus 03.07.2026",
    "reason": "UPDATE",
    "supplyType": "Full",
    "url": "https://api.os.uk/downloads/v1/dataPackages/0040143634/versions/6870730?key=apikey1234",
  },
  {
    "createdOn": "2026-06-25",
    "format": "CSV",
    "id": "6852392",
    "productName": "EPBR - AddressBase Plus (FULL)",
    "productVersion": "E128 June 2026 Update",
    "reason": "UPDATE",
    "supplyType": "Full",
    "url": "https://api.os.uk/downloads/v1/dataPackages/0040146690/versions/6852392?key=apikey1234",
  },
  {
    "createdOn": "2026-06-25",
    "format": "CSV",
    "id": "6852053",
    "productName": "EPBR - AddressBase Plus Islands (FULL)",
    "productVersion": "E128 June 2026 Update",
    "reason": "UPDATE",
    "supplyType": "Full",
    "url": "https://api.os.uk/downloads/v1/dataPackages/0040143634/versions/6852053?key=apikey1234",
  },
  {
    "createdOn": "2026-05-15",
    "format": "CSV",
    "id": "6833995",
    "productName": "EPBR - AddressBase Plus (FULL)",
    "productVersion": "E127 May 2026 Update",
    "reason": "UPDATE",
    "supplyType": "Full",
    "url": "https://api.os.uk/downloads/v1/dataPackages/0040146690/versions/6833995?key=apikey1234",
  },
  {
    "createdOn": "2026-05-14",
    "format": "CSV",
    "id": "6833471",
    "productName": "EPBR - AddressBase Plus Islands (FULL)",
    "productVersion": "E127 May 2026 Update",
    "reason": "UPDATE",
    "supplyType": "Full",
    "url": "https://api.os.uk/downloads/v1/dataPackages/0040143634/versions/6833471?key=apikey1234",
  },
  {
    "createdOn": "2026-04-02",
    "format": "CSV",
    "id": "6817127",
    "productName": "EPBR - AddressBase Plus (FULL)",
    "productVersion": "E126 April 2026 Update",
    "reason": "UPDATE",
    "supplyType": "Full",
    "url": "https://api.os.uk/downloads/v1/dataPackages/0040146690/versions/6817127?key=apikey1234",
  },
  {
    "createdOn": "2026-04-02",
    "format": "CSV",
    "id": "6816161",
    "productName": "EPBR - AddressBase Plus Islands (FULL)",
    "productVersion": "E126 April 2026 Update",
    "reason": "UPDATE",
    "supplyType": "Full",
    "url": "https://api.os.uk/downloads/v1/dataPackages/0040143634/versions/6816161?key=apikey1234",
  },
  {
    "createdOn": "2026-02-19",
    "format": "CSV",
    "id": "6802840",
    "productName": "EPBR - AddressBase Plus (FULL)",
    "productVersion": "E125 February 2026 Update",
    "reason": "UPDATE",
    "supplyType": "Full",
    "url": "https://api.os.uk/downloads/v1/dataPackages/0040146690/versions/6802840?key=apikey1234",
  },
  {
    "createdOn": "2026-02-19",
    "format": "CSV",
    "id": "6802572",
    "productName": "EPBR - AddressBase Plus Islands (FULL)",
    "productVersion": "E125 February 2026 Update",
    "reason": "UPDATE",
    "supplyType": "Full",
    "url": "https://api.os.uk/downloads/v1/dataPackages/0040143634/versions/6802572?key=apikey1234",
  },
  {
    "createdOn": "2026-01-08",
    "format": "CSV",
    "id": "6783376",
    "productName": "EPBR - AddressBase Plus (FULL)",
    "productVersion": "E124 January 2026 Update",
    "reason": "UPDATE",
    "supplyType": "Full",
    "url": "https://api.os.uk/downloads/v1/dataPackages/0040146690/versions/6783376?key=apikey1234",
  },
  {
    "createdOn": "2026-01-08",
    "format": "CSV",
    "id": "6783261",
    "productName": "EPBR - AddressBase Plus Islands (FULL)",
    "productVersion": "E124 January 2026 Update",
    "reason": "UPDATE",
    "supplyType": "Full",
    "url": "https://api.os.uk/downloads/v1/dataPackages/0040143634/versions/6783261?key=apikey1234",
  },
  {
    "createdOn": "2025-11-28",
    "format": "CSV",
    "id": "6768567",
    "productName": "EPBR - AddressBase Plus (FULL)",
    "productVersion": "E123 November 2025 Update",
    "reason": "UPDATE",
    "supplyType": "Full",
    "url": "https://api.os.uk/downloads/v1/dataPackages/0040146690/versions/6768567?key=apikey1234",
  },
  {
    "createdOn": "2025-11-28",
    "format": "CSV",
    "id": "6768332",
    "productName": "EPBR - AddressBase Plus Islands (FULL)",
    "productVersion": "E123 November 2025 Update",
    "reason": "UPDATE",
    "supplyType": "Full",
    "url": "https://api.os.uk/downloads/v1/dataPackages/0040143634/versions/6768332?key=apikey1234",
  },
  {
    "createdOn": "2025-10-16",
    "format": "CSV",
    "id": "6755870",
    "productName": "EPBR - AddressBase Plus (FULL)",
    "productVersion": "E122 October 2025 Update",
    "reason": "UPDATE",
    "supplyType": "Full",
    "url": "https://api.os.uk/downloads/v1/dataPackages/0040146690/versions/6755870?key=apikey1234",
  },
  {
    "createdOn": "2025-10-16",
    "format": "CSV",
    "id": "6755683",
    "productName": "EPBR - AddressBase Plus Islands (FULL)",
    "productVersion": "E122 October 2025 Update",
    "reason": "UPDATE",
    "supplyType": "Full",
    "url": "https://api.os.uk/downloads/v1/dataPackages/0040143634/versions/6755683?key=apikey1234",
  },
  {
    "createdOn": "2025-09-05",
    "format": "CSV",
    "id": "6735805",
    "productName": "EPBR - AddressBase Plus (FULL)",
    "productVersion": "E121 September 2025 Update",
    "reason": "UPDATE",
    "supplyType": "Full",
    "url": "https://api.os.uk/downloads/v1/dataPackages/0040146690/versions/6735805?key=apikey1234",
  },
  {
    "createdOn": "2025-09-04",
    "format": "CSV",
    "id": "6734861",
    "productName": "EPBR - AddressBase Plus Islands (FULL)",
    "productVersion": "E121 September 2025 Update",
    "reason": "UPDATE",
    "supplyType": "Full",
    "url": "https://api.os.uk/downloads/v1/dataPackages/0040143634/versions/6734861?key=apikey1234",
  },
]
`;

exports[`getUpdateVersions returns all update versions 1`] = `
[
  {
    "createdOn": "2026-08-06",
    "format": "CSV",
    "id": "6870766",
    "productName": "EPBR - AddressBase Plus Islands (COU)",
    "productVersion": "AddressBase Plus 03.07.2026",
    "reason": "UPDATE",
    "supplyType": "Change Only Update",
    "url": "https://api.os.uk/downloads/v1/dataPackages/0040160116/versions/6870766?key=apikey1234",
  },
  {
    "createdOn": "2026-08-06",
    "format": "CSV",
    "id": "6870823",
    "productName": "EPBR - AddressBase Plus (COU)",
    "productVersion": "AddressBase Plus 03.07.2026",
    "reason": "UPDATE",
    "supplyType": "Change Only Update",
    "url": "https://api.os.uk/downloads/v1/dataPackages/0040160114/versions/6870823?key=apikey1234",
  },
  {
    "createdOn": "2026-06-25",
    "format": "CSV",
    "id": "6852094",
    "productName": "EPBR - AddressBase Plus Islands (COU)",
    "productVersion": "E128 June 2026 Update",
    "reason": "UPDATE",
    "supplyType": "Change Only Update",
    "url": "https://api.os.uk/downloads/v1/dataPackages/0040160116/versions/6852094?key=apikey1234",
  },
  {
    "createdOn": "2026-06-25",
    "format": "CSV",
    "id": "6852810",
    "productName": "EPBR - AddressBase Plus (COU)",
    "productVersion": "E128 June 2026 Update",
    "reason": "UPDATE",
    "supplyType": "Change Only Update",
    "url": "https://api.os.uk/downloads/v1/dataPackages/0040160114/versions/6852810?key=apikey1234",
  },
  {
    "createdOn": "2026-05-15",
    "format": "CSV",
    "id": "6834222",
    "productName": "EPBR - AddressBase Plus (COU)",
    "productVersion": "E127 May 2026 Update",
    "reason": "UPDATE",
    "supplyType": "Change Only Update",
    "url": "https://api.os.uk/downloads/v1/dataPackages/0040160114/versions/6834222?key=apikey1234",
  },
  {
    "createdOn": "2026-05-14",
    "format": "CSV",
    "id": "6833531",
    "productName": "EPBR - AddressBase Plus Islands (COU)",
    "productVersion": "E127 May 2026 Update",
    "reason": "UPDATE",
    "supplyType": "Change Only Update",
    "url": "https://api.os.uk/downloads/v1/dataPackages/0040160116/versions/6833531?key=apikey1234",
  },
  {
    "createdOn": "2026-04-02",
    "format": "CSV",
    "id": "6816237",
    "productName": "EPBR - AddressBase Plus Islands (COU)",
    "productVersion": "E126 April 2026 Update",
    "reason": "UPDATE",
    "supplyType": "Change Only Update",
    "url": "https://api.os.uk/downloads/v1/dataPackages/0040160116/versions/6816237?key=apikey1234",
  },
  {
    "createdOn": "2026-04-02",
    "format": "CSV",
    "id": "6817173",
    "productName": "EPBR - AddressBase Plus (COU)",
    "productVersion": "E126 April 2026 Update",
    "reason": "UPDATE",
    "supplyType": "Change Only Update",
    "url": "https://api.os.uk/downloads/v1/dataPackages/0040160114/versions/6817173?key=apikey1234",
  },
  {
    "createdOn": "2026-02-19",
    "format": "CSV",
    "id": "6802586",
    "productName": "EPBR - AddressBase Plus Islands (COU)",
    "productVersion": "E125 February 2026 Update",
    "reason": "UPDATE",
    "supplyType": "Change Only Update",
    "url": "https://api.os.uk/downloads/v1/dataPackages/0040160116/versions/6802586?key=apikey1234",
  },
  {
    "createdOn": "2026-02-19",
    "format": "CSV",
    "id": "6802869",
    "productName": "EPBR - AddressBase Plus (COU)",
    "productVersion": "E125 February 2026 Update",
    "reason": "UPDATE",
    "supplyType": "Change Only Update",
    "url": "https://api.os.uk/downloads/v1/dataPackages/0040160114/versions/6802869?key=apikey1234",
  },
  {
    "createdOn": "2026-01-08",
    "format": "CSV",
    "id": "6783338",
    "productName": "EPBR - AddressBase Plus Islands (COU)",
    "productVersion": "E124 January 2026 Update",
    "reason": "UPDATE",
    "supplyType": "Change Only Update",
    "url": "https://api.os.uk/downloads/v1/dataPackages/0040160116/versions/6783338?key=apikey1234",
  },
  {
    "createdOn": "2026-01-08",
    "format": "CSV",
    "id": "6783405",
    "productName": "EPBR - AddressBase Plus (COU)",
    "productVersion": "E124 January 2026 Update",
    "reason": "UPDATE",
    "supplyType": "Change Only Update",
    "url": "https://api.os.uk/downloads/v1/dataPackages/0040160114/versions/6783405?key=apikey1234",
  },
  {
    "createdOn": "2025-11-28",
    "format": "CSV",
    "id": "6768363",
    "productName": "EPBR - AddressBase Plus Islands (COU)",
    "productVersion": "E123 November 2025 Update",
    "reason": "UPDATE",
    "supplyType": "Change Only Update",
    "url": "https://api.os.uk/downloads/v1/dataPackages/0040160116/versions/6768363?key=apikey1234",
  },
  {
    "createdOn": "2025-11-28",
    "format": "CSV",
    "id": "6768596",
    "productName": "EPBR - AddressBase Plus (COU)",
    "productVersion": "E123 November 2025 Update",
    "reason": "UPDATE",
    "supplyType": "Change Only Update",
    "url": "https://api.os.uk/downloads/v1/dataPackages/0040160114/versions/6768596?key=apikey1234",
  },
  {
    "createdOn": "2025-10-16",
    "format": "CSV",
    "id": "6755702",
    "productName": "EPBR - AddressBase Plus Islands (COU)",
    "productVersion": "E122 October 2025 Update",
    "reason": "UPDATE",
    "supplyType": "Change Only Update",
    "url": "https://api.os.uk/downloads/v1/dataPackages/0040160116/versions/6755702?key=apikey1234",
  },
  {
    "createdOn": "2025-10-16",
    "format": "CSV",
    "id": "6756131",
    "productName": "EPBR - AddressBase Plus (COU)",
    "productVersion": "E122 October 2025 Update",
    "reason": "UPDATE",
    "supplyType": "Change Only Update",
    "url": "https://api.os.uk/downloads/v1/dataPackages/0040160114/versions/6756131?key=apikey1234",
  },
  {
    "createdOn": "2025-09-05",
    "format": "CSV",
    "id": "6735834",
    "productName": "EPBR - AddressBase Plus (COU)",
    "productVersion": "E121 September 2025 Update",
    "reason": "UPDATE",
    "supplyType": "Change Only Update",
    "url": "https://api.os.uk/downloads/v1/dataPackages/0040160114/versions/6735834?key=apikey1234",
  },
  {
    "createdOn": "2025-09-04",
    "format": "CSV",
    "id": "6734875",
    "productName": "EPBR - AddressBase Plus Islands (COU)",
    "productVersion": "E121 September 2025 Update",
    "reason": "UPDATE",
    "supplyType": "Change Only Update",
    "url": "https://api.os.uk/downloads/v1/dataPackages/0040160116/versions/6734875?key=apikey1234",
  },
]
`;
